[20180125 15:56:52] rcs loanInfo,8e82f8,Xdd32e,20180125,{"crfuid":"8e82f8","id":"913922"}
[20180125 15:57:52] rcs loanInfo,5addb5,Xdf217,20180125,{"crfuid":"5addb5","id":"166655"}
